/{re=exrex:[0-9]|[a-z]}$
/{re=exrex:(test|admin|manager|manage)[0-9]?}$
/comment
/commit
/common
/commons
/components
/conf
/config
/confs
/console
/consumer
/content
/control
/controllers
/core
/crontab
/crud
/css
/daily
/dashboard
/data
/database
/db
/default
/demo
/dev
/doc
/download
/duty
/es
/eva
/examples
/excel
/export
/ext
/fckeditor
/FCKeditor
/fe
/feature
/file
/files
/finance
/flashchart
/follow
/frame
/framework
/ft
/gallery
/game
/gift
/gold
/hello
/helper
/helpers
/history
/home
/hr
/htdocs
/html
/hunter
/image
/img11
/import
/improve
/inc
/include
/includes
/index
/info
/install
/interface
/item
/jobconsume
/jobs
/jpgraph
/json
/kindeditor
/l
/languages
/lib
/libraries
/libs
/link
/lite
/local
/log
/login
/logs
/mail
/main
/maintenance
/manage
/manager
/manufacturer
/menus
/message
/mis
/model
/models
/module
/modules
/monitor
/movie
/mysql
/n
/nav
/network
/news
/notice
/nw
/oauth
/other
/page
/pages
/passport
/pay
/pcheck
/people
/person
/php
/phpadmin
/phprpc
/phptest
/picture
/pl
/platform
/pm
/portal
/post
/product
/project
/protected
/proxy
/ps
/public
/qq
/question
/quote
/redirect
/redisclient
/report
/resource
/resources
/s
/save
/schedule
/schema
/script
/scripts
/search
/security
/server
/service
/shell
/show
/simple
/site
/skin
/sms
/soap
/sola
/sort
/spider
/sql
/stat
/static
/statistics
/stats
/submit
/subways
/survey
/sv
/syslog
/system
/tag
/task
/tasks
/tcpdf
/template
/templates
/test
/tests
/ticket
/tieba
/tmp
/token
/tool
/tools
/top
/tpl
/txt
/upload
/uploadify
/uploads
/url
/user
/util
/v1
/v2
/phpmyadmin
/vendor
/view
/views
/web
/weixin
/widgets
/wm
/zabiix
/nagios
/wordpress
/workspace
/ws
/www
/www2
/bbs
/bbs2
/forum
/wwwroot
/zone
/admin
/admin_bak